usage: train.py [-h] [--config CONFIG] [--num-vehicles NUM_VEHICLES]
                [--num-hexes NUM_HEXES] [--compact-state]
                [--episodes EPISODES]
                [--episode-duration-hours EPISODE_DURATION_HOURS]
                [--batch-size BATCH_SIZE] [--gpus GPUS] [--distributed]
                [--data-parallel] [--mixed-precision]
                [--checkpoint-dir CHECKPOINT_DIR] [--resume RESUME]
                [--save-interval SAVE_INTERVAL] [--log-interval LOG_INTERVAL]
                [--eval-interval EVAL_INTERVAL]
                [--eval-episodes EVAL_EPISODES] [--seed SEED]
                [--warmup-steps WARMUP_STEPS] [--update-ratio UPDATE_RATIO]
                [--debug] [--tensorboard] [--tensorboard-dir TENSORBOARD_DIR]
                [--log-loss-interval LOG_LOSS_INTERVAL]
                [--real-data REAL_DATA] [--trip-sample TRIP_SAMPLE]
                [--start-date START_DATE] [--end-date END_DATE]
                [--target-h3-resolution TARGET_H3_RESOLUTION]
                [--max-hex-count MAX_HEX_COUNT] [--smart-assignment]
                [--no-smart-assignment] [--semi-mdp] [--no-semi-mdp] [--wdro]
                [--no-wdro] [--wdro-rho WDRO_RHO] [--temperature-annealing]
                [--initial-temperature INITIAL_TEMPERATURE]
                [--final-temperature FINAL_TEMPERATURE] [--env-v2]
train.py: error: argument --gpus: expected one argument
